[[34m2024-05-08 16:04:01[0m] Test Loss: 5.514
[[34m2024-05-08 16:04:29[0m] Test Loss: 5.515
